// Jest Snapshot v1, https://goo.gl/fbAQLP

exports[`should render without throwing an error 1`] = `
<div
  style="width: 130px;"
>
  <button
    class="sc-bdVaJa bNuAbZ"
    color="primary"
  >
    Show Tooltip
  </button>
</div>
`;
