// Jest Snapshot v1, https://goo.gl/fbAQLP

exports[`should render without throwing an error 1`] = `
<section
  class="sc-bwzfXH bbJFoS sc-bdVaJa dWiwem"
>
  <div
    class="sc-htpNat jrSLbR"
  >
    
    <svg
      class="sc-ifAKCX dnBYYy"
      height="31"
      viewBox="0 0 32 31"
      width="32"
      xmlns="http://www.w3.org/2000/svg"
    >
      <g
        fill="none"
        fill-rule="evenodd"
      >
        <path
          d="M0 0h32v30.974H0z"
          fill="none"
          stroke="none"
        />
        <path
          d="M27.333 10.97L16 21.94 4.667 10.97"
          stroke-linecap="round"
          stroke-linejoin="round"
        />
      </g>
    </svg>
  </div>
  <div
    class="sc-bxivhb kQaonn"
    style="height: 0px;"
  >
    Test
  </div>
</section>
`;
