// Jest Snapshot v1, https://goo.gl/fbAQLP

exports[`should render without throwing an error 1`] = `
<div
  class="sc-bdVaJa erLRLT"
>
  <input
    class="sc-bwzfXH LXLUC"
    color="porcelain"
  />
</div>
`;
